################################################################################
#                                                                              #
#      IAR Universal Linker V5.0.2.5/W32                                       #
#                                                                              #
#           Link time     =  25/Jul/2016  18:01:51                             #
#           Target CPU    =  x51                                               #
#           List file     =  F:\项目进行时\E18\CC2530_CC2592_V1.0（适用于E18-M #
#                            S1PA1-PCB、E18-MS1PA1-IPX）\ide\temp\CC2530.map   #
#           Output file 1 =  F:\项目进行时\E18\CC2530_CC2592_V1.0（适用于E18-M #
#                            S1PA1-PCB、E18-MS1PA1-IPX）\ide\CC2530+CC2592_RX. #
#                            hex                                               #
#                            Format: intel-extended                            #
#           Output file 2 =  F:\项目进行时\E18\CC2530_CC2592_V1.0（适用于E18-M #
#                            S1PA1-PCB、E18-MS1PA1-IPX）\ide\CC2530.d51        #
#                            Format: debug                                     #
#                            UBROF version 10.0.3                              #
#                            Using library modules for C-SPY (-rt)             #
#           Command line  =  "-IC:\Program Files (x86)\IAR Systems\Embedded Wo #
#                            rkbench 6.0\8051\CONFIG\"                         #
#                            -D_NR_OF_BANKS=0x07 -D_CODEBANK_END=0xFFFF        #
#                            -D_CODEBANK_START=0x8000 -D?CBANK_MASK=0xFF       #
#                            -D?CBANK=0x9F                                     #
#                            F:\项目进行时\E18\CC2530_CC2592_V1.0（适用于E18-M #
#                            S1PA1-PCB、E18-MS1PA1-IPX）\ide\temp\CC2530\C51_G #
#                            pio.r51                                           #
#                            F:\项目进行时\E18\CC2530_CC2592_V1.0（适用于E18-M #
#                            S1PA1-PCB、E18-MS1PA1-IPX）\ide\temp\CC2530\C51_R #
#                            tc.r51                                            #
#                            F:\项目进行时\E18\CC2530_CC2592_V1.0（适用于E18-M #
#                            S1PA1-PCB、E18-MS1PA1-IPX）\ide\temp\CC2530\CC253 #
#                            0.r51                                             #
#                            F:\项目进行时\E18\CC2530_CC2592_V1.0（适用于E18-M #
#                            S1PA1-PCB、E18-MS1PA1-IPX）\ide\temp\CC2530\basic #
#                            _rf.r51                                           #
#                            F:\项目进行时\E18\CC2530_CC2592_V1.0（适用于E18-M #
#                            S1PA1-PCB、E18-MS1PA1-IPX）\ide\temp\CC2530\clock #
#                            .r51                                              #
#                            F:\项目进行时\E18\CC2530_CC2592_V1.0（适用于E18-M #
#                            S1PA1-PCB、E18-MS1PA1-IPX）\ide\temp\CC2530\hal_a #
#                            ssert.r51                                         #
#                            F:\项目进行时\E18\CC2530_CC2592_V1.0（适用于E18-M #
#                            S1PA1-PCB、E18-MS1PA1-IPX）\ide\temp\CC2530\hal_b #
#                            oard.r51                                          #
#                            F:\项目进行时\E18\CC2530_CC2592_V1.0（适用于E18-M #
#                            S1PA1-PCB、E18-MS1PA1-IPX）\ide\temp\CC2530\hal_b #
#                            utton.r51                                         #
#                            F:\项目进行时\E18\CC2530_CC2592_V1.0（适用于E18-M #
#                            S1PA1-PCB、E18-MS1PA1-IPX）\ide\temp\CC2530\hal_d #
#                            igio.r51                                          #
#                            F:\项目进行时\E18\CC2530_CC2592_V1.0（适用于E18-M #
#                            S1PA1-PCB、E18-MS1PA1-IPX）\ide\temp\CC2530\hal_i #
#                            nt.r51                                            #
#                            F:\项目进行时\E18\CC2530_CC2592_V1.0（适用于E18-M #
#                            S1PA1-PCB、E18-MS1PA1-IPX）\ide\temp\CC2530\hal_l #
#                            ed.r51                                            #
#                            F:\项目进行时\E18\CC2530_CC2592_V1.0（适用于E18-M #
#                            S1PA1-PCB、E18-MS1PA1-IPX）\ide\temp\CC2530\hal_m #
#                            cu.r51                                            #
#                            F:\项目进行时\E18\CC2530_CC2592_V1.0（适用于E18-M #
#                            S1PA1-PCB、E18-MS1PA1-IPX）\ide\temp\CC2530\hal_r #
#                            f.r51                                             #
#                            F:\项目进行时\E18\CC2530_CC2592_V1.0（适用于E18-M #
#                            S1PA1-PCB、E18-MS1PA1-IPX）\ide\temp\CC2530\hal_r #
#                            f_security.r51                                    #
#                            F:\项目进行时\E18\CC2530_CC2592_V1.0（适用于E18-M #
#                            S1PA1-PCB、E18-MS1PA1-IPX）\ide\temp\CC2530\util. #
#                            r51                                               #
#                            F:\项目进行时\E18\CC2530_CC2592_V1.0（适用于E18-M #
#                            S1PA1-PCB、E18-MS1PA1-IPX）\ide\temp\CC2530\util_ #
#                            buffer.r51                                        #
#                            -o                                                #
#                            F:\项目进行时\E18\CC2530_CC2592_V1.0（适用于E18-M #
#                            S1PA1-PCB、E18-MS1PA1-IPX）\ide\CC2530.d51        #
#                            -l                                                #
#                            F:\项目进行时\E18\CC2530_CC2592_V1.0（适用于E18-M #
#                            S1PA1-PCB、E18-MS1PA1-IPX）\ide\temp\CC2530.map   #
#                            -xmsn                                             #
#                            "-IC:\Program Files (x86)\IAR Systems\Embedded Wo #
#                            rkbench 6.0\8051\LIB\"                            #
#                            -f                                                #
#                            "C:\Program Files (x86)\IAR Systems\Embedded Work #
#                            bench 6.0\8051\config\devices\Texas Instruments\l #
#                            nk51ew_cc2530F256_banked.xcl"                     #
#                            (-D_IDATA0_START=0x00 -D_IDATA0_END=0xFF          #
#                            -D_PDATA0_START=0x1E00 -D_PDATA0_END=0x1EFF       #
#                            -D_IXDATA0_START=0x0001 -D_IXDATA0_END=0x1EFF     #
#                            -D_XDATA0_START=_IXDATA0_START                    #
#                            -D_XDATA0_END=_IXDATA0_END                        #
#                            -D_NEAR_CODE_START=0x0000                         #
#                            -D_FIRST_BANK_ADDR=0x10000 -D?REGISTER_BANK=0x0   #
#                            -D_REGISTER_BANK_START=0x0 -D?PBANK_NUMBER=0x1E   #
#                            -D_BREG_START=0x00 -D?VB=0x20 -D?ESP=0x9B         #
#                            -Z(BIT)BREG=_BREG_START -Z(BIT)BIT_N=0-7F         #
#                            -Z(DATA)REGISTERS+8=_REGISTER_BANK_START          #
#                            -Z(DATA)BDATA_Z,BDATA_N,BDATA_I=20-2F             #
#                            -Z(DATA)VREG+_NR_OF_VIRTUAL_REGISTERS=08-7F       #
#                            -Z(DATA)PSP,XSP=08-7F -Z(DATA)DOVERLAY=08-7F      #
#                            -Z(DATA)DATA_I,DATA_Z,DATA_N=08-7F                #
#                            -U(IDATA)0-7F=(DATA)0-7F                          #
#                            -Z(IDATA)IDATA_I,IDATA_Z,IDATA_N=08-_IDATA0_END   #
#                            -Z(IDATA)ISTACK+_IDATA_STACK_SIZE#08-_IDATA0_END  #
#                            -Z(IDATA)IOVERLAY=08-FF -Z(CODE)INTVEC=0          #
#                            -Z(CODE)CSTART=_NEAR_CODE_START-(_CODEBANK_START- #
#                            1)                                                #
#                            -Z(CODE)BIT_ID,BDATA_ID,DATA_ID,IDATA_ID,IXDATA_I #
#                            D,PDATA_ID,XDATA_ID=_NEAR_CODE_START-(_CODEBANK_S #
#                            TART-1)                                           #
#                            -Z(CODE)BANK_RELAYS,RCODE,DIFUNCT,CODE_C,CODE_N,N #
#                            EAR_CODE=_NEAR_CODE_START-(_CODEBANK_START-1)     #
#                            -P(CODE)BANKED_CODE=_NEAR_CODE_START-(_CODEBANK_S #
#                            TART-1),[(_CODEBANK_START+_FIRST_BANK_ADDR)-(_COD #
#                            EBANK_END+_FIRST_BANK_ADDR)]*_NR_OF_BANKS+10000   #
#                            -Z(CODE)CHECKSUM#(_CODEBANK_START-1)              #
#                            -Z(XDATA)EXT_STACK+_EXTENDED_STACK_SIZE=_EXTENDED #
#                            _STACK_START                                      #
#                            -Z(XDATA)PSTACK+_PDATA_STACK_SIZE=_PDATA0_START-_ #
#                            PDATA0_END                                        #
#                            -Z(XDATA)XSTACK+_XDATA_STACK_SIZE=_XDATA0_START-_ #
#                            XDATA0_END                                        #
#                            -Z(XDATA)PDATA_Z,PDATA_I=_PDATA0_START-_PDATA0_EN #
#                            D                                                 #
#                            -P(XDATA)PDATA_N=_PDATA0_START-_PDATA0_END        #
#                            -Z(XDATA)IXDATA_Z,IXDATA_I=_IXDATA0_START-_IXDATA #
#                            0_END                                             #
#                            -P(XDATA)IXDATA_N=_IXDATA0_START-_IXDATA0_END     #
#                            -Z(XDATA)XDATA_Z,XDATA_I=_XDATA0_START-_XDATA0_EN #
#                            D                                                 #
#                            -P(XDATA)XDATA_N=_XDATA0_START-_XDATA0_END        #
#                            -Z(XDATA)XDATA_HEAP+_XDATA_HEAP_SIZE=_XDATA0_STAR #
#                            T-_XDATA0_END                                     #
#                            -Z(CONST)XDATA_ROM_C=_XDATA0_START-_XDATA0_END    #
#                            -cx51                                             #
#                            -M(CODE)[(_CODEBANK_START+_FIRST_BANK_ADDR)-(_COD #
#                            EBANK_END+_FIRST_BANK_ADDR)]*_NR_OF_BANKS+0x10000 #
#                            =0x8000                                           #
#                            -ww69=i -D_BANK0_START=0x00000                    #
#                            -D_BANK0_END=0x07FFF -D_BANK1_START=0x18000       #
#                            -D_BANK1_END=0x1FFFF -D_BANK2_START=0x28000       #
#                            -D_BANK2_END=0x2FFFF -D_BANK3_START=0x38000       #
#                            -D_BANK3_END=0x3FFFF -D_BANK4_START=0x48000       #
#                            -D_BANK4_END=0x4FFFF -D_BANK5_START=0x58000       #
#                            -D_BANK5_END=0x5FFFF -D_BANK6_START=0x68000       #
#                            -D_BANK6_END=0x6FFFF -D_BANK7_START=0x78000       #
#                            -D_BANK7_END=0x7FFFF                              #
#                            -P(CODE)BANK0=_BANK0_START-_BANK0_END             #
#                            -P(CODE)BANK1=_BANK1_START-_BANK1_END             #
#                            -P(CODE)BANK2=_BANK2_START-_BANK2_END             #
#                            -P(CODE)BANK3=_BANK3_START-_BANK3_END             #
#                            -P(CODE)BANK4=_BANK4_START-_BANK4_END             #
#                            -P(CODE)BANK5=_BANK5_START-_BANK5_END             #
#                            -P(CODE)BANK6=_BANK6_START-_BANK6_END             #
#                            -P(CODE)BANK7=_BANK7_START-_BANK7_END             #
#                            -D_FLASH_LOCK_BITS_START=0x7FFF0                  #
#                            -D_FLASH_LOCK_BITS_END=0x7FFFF                    #
#                            -Z(CODE)FLASH_LOCK_BITS=_FLASH_LOCK_BITS_START-_F #
#                            LASH_LOCK_BITS_END                                #
#                            -U(CODE)0x0000=(CODE)_FLASH_LOCK_BITS_START-_FLAS #
#                            H_LOCK_BITS_END)                                  #
#                            -e?BCALL_FF=?BCALL -e?BRET_FF=?BRET               #
#                            -e?BDISPATCH_FF=?BDISPATCH                        #
#                            -D_NR_OF_VIRTUAL_REGISTERS=8 -D?PBANK=0x93        #
#                            -e_medium_write=_formatted_write                  #
#                            -e_medium_read=_formatted_read -rt                #
#                            -Ointel-extended=F:\项目进行时\E18\CC2530_CC2592_ #
#                            V1.0（适用于E18-MS1PA1-PCB、E18-MS1PA1-IPX）\ide\ #
#                            CC2530+CC2592_RX.hex                              #
#                            -s __program_start                                #
#                            "C:\Program Files (x86)\IAR Systems\Embedded Work #
#                            bench 6.0\8051\LIB\CLIB\cl-pli-blxd-1e16x01.r51"  #
#                            -D_IDATA_STACK_SIZE=0x40                          #
#                            -D_EXTENDED_STACK_START=0x00                      #
#                            -D_EXTENDED_STACK_SIZE=0x00                       #
#                            -D_PDATA_STACK_SIZE=0x80                          #
#                            -D_XDATA_STACK_SIZE=0x100                         #
#                            -D_XDATA_HEAP_SIZE=0xFF -D_FAR_HEAP_SIZE=0xFFF    #
#                            -D_HUGE_HEAP_SIZE=0xFFF                           #
#                            -D_FAR22_HEAP_SIZE=0xFFF                          #
#                                                                              #
#                           Copyright (C) 1987-2010 IAR Systems AB.            #
################################################################################





                ****************************************
                *                                      *
                *           CROSS REFERENCE            *
                *                                      *
                ****************************************

       Program entry at : CODE      000000E3  Relocatable, from module : CSTARTUP




                ****************************************
                *                                      *
                *            RUNTIME MODEL             *
                *                                      *
                ****************************************

  __SystemLibrary          = CLib
  __calling_convention     = xdata_reentrant
  __code_model             = banked
  __core                   = plain
  __data_model             = large
  __dptr_size              = 16
  __extended_stack         = disabled
  __location_for_constants = data
  __number_of_dptrs        = 1
  __rt_version             = 1



                ****************************************
                *                                      *
                *              MODULE MAP              *
                *                                      *
                ****************************************


  DEFINED ABSOLUTE ENTRIES
    *************************************************************************

  DEFINED ABSOLUTE ENTRIES
  PROGRAM MODULE, NAME : ?ABS_ENTRY_MOD

Absolute parts
           ENTRY                   ADDRESS         REF BY
           =====                   =======         ======
           _FAR22_HEAP_SIZE        00000FFF 
           _HUGE_HEAP_SIZE         00000FFF 
           _FAR_HEAP_SIZE          00000FFF 
           _XDATA_HEAP_SIZE        000000FF 
           _XDATA_STACK_SIZE       00000100 
           _PDATA_STACK_SIZE       00000080 
           _EXTENDED_STACK_SIZE    00000000 
           _EXTENDED_STACK_START   00000000 
           _IDATA_STACK_SIZE       00000040 
           ?PBANK                  00000093 
           _NR_OF_VIRTUAL_REGISTERS
                                   00000008 
           _FLASH_LOCK_BITS_END    0003FFFF 
           _FLASH_LOCK_BITS_START
                                   0003FFF0 
           _BANK7_END              0003FFFF 
           _BANK7_START            00038000 
           _BANK6_END              00037FFF 
           _BANK6_START            00030000 
           _BANK5_END              0002FFFF 
           _BANK5_START            00028000 
           _BANK4_END              00027FFF 
           _BANK4_START            00020000 
           _BANK3_END              0001FFFF 
           _BANK3_START            00018000 
           _BANK2_END              00017FFF 
           _BANK2_START            00010000 
           _BANK1_END              0000FFFF 
           _BANK1_START            00008000 
           _BANK0_END              00007FFF 
           _BANK0_START            00000000 
           ?ESP                    0000009B 
           ?VB                     00000020        ?BANKED_ENTER_XDATA (?BANKED_ENTER_XDATA)
                                                   ?BANKED_LEAVE_XDATA (?BANKED_LEAVE_XDATA)
                                                   ?INTERRUPT_ENTER_XSP (?INTERRUPT_ENTER_XSP)
                                                   ?INTERRUPT_LEAVE_XSP (?INTERRUPT_LEAVE_XSP)
           _BREG_START             00000000 
           ?PBANK_NUMBER           0000001E 
           _REGISTER_BANK_START    00000000 
           ?REGISTER_BANK          00000000        Segment part 6 (CSTARTUP)
           _FIRST_BANK_ADDR        00010000 
           _NEAR_CODE_START        00000000 
           _XDATA0_END             00001EFF 
           _XDATA0_START           00000001 
           _IXDATA0_END            00001EFF 
           _IXDATA0_START          00000001 
           _PDATA0_END             00001EFF 
           _PDATA0_START           00001E00 
           _IDATA0_END             000000FF 
           _IDATA0_START           00000000 
           ?CBANK                  0000009F        ?RESET_CODE_BANK (CSTARTUP)
                                                   Segment part 0 (?BANKED_CODE_SUPPORT)
           ?CBANK_MASK             000000FF 
           _CODEBANK_START         00008000 
           _CODEBANK_END           0000FFFF 
           _NR_OF_BANKS            00000007 
    *************************************************************************

  FILE NAME : F:\项目进行时\E18\CC2530_CC2592_V1.0（适用于E18-MS1PA1-PCB、E18-MS1PA1-IPX）\ide\temp\CC2530\C51_Gpio.r51
    *************************************************************************

  FILE NAME : F:\项目进行时\E18\CC2530_CC2592_V1.0（适用于E18-MS1PA1-PCB、E18-MS1PA1-IPX）\ide\temp\CC2530\C51_Rtc.r51
    *************************************************************************

  FILE NAME : F:\项目进行时\E18\CC2530_CC2592_V1.0（适用于E18-MS1PA1-PCB、E18-MS1PA1-IPX）\ide\temp\CC2530\CC2530.r51
    *************************************************************************

  FILE NAME : F:\项目进行时\E18\CC2530_CC2592_V1.0（适用于E18-MS1PA1-PCB、E18-MS1PA1-IPX）\ide\temp\CC2530\basic_rf.r51
  PROGRAM MODULE, NAME : basic_rf

  SEGMENTS IN THE MODULE
  ======================
XDATA_I
  Relative segment, address: XDATA 000001DC - 000001E7 (0xc bytes), align: 0
  Segment part 39.            Intra module refs:   RF_RecvPacket
                                                   basicRfInit
                                                   basicRfRxFrmDoneIsr
           LOCAL                   ADDRESS         
           =====                   =======         
           rxi                     000001DC 
    -------------------------------------------------------------------------
XDATA_Z
  Relative segment, address: XDATA 00000101 - 00000107 (0x7 bytes), align: 0
  Segment part 41.            Intra module refs:   RF_Initial
                                                   basicRfInit
                                                   basicRfRxFrmDoneIsr
           LOCAL                   ADDRESS         
           =====                   =======         
           txState                 00000101 
    -------------------------------------------------------------------------
XDATA_Z
  Relative segment, address: XDATA 00000108 - 00000109 (0x2 bytes), align: 0
  Segment part 42.            Intra module refs:   ?Subroutine4
                                                   basicRfInit
           LOCAL                   ADDRESS         
           =====                   =======         
           pConfig                 00000108 
    -------------------------------------------------------------------------
XDATA_Z
  Relative segment, address: XDATA 0000010A - 00000189 (0x80 bytes), align: 0
  Segment part 43.            Intra module refs:   ?Subroutine5
                                                   basicRfRxFrmDoneIsr
           LOCAL                   ADDRESS         
           =====                   =======         
           rxMpdu                  0000010A 
    -------------------------------------------------------------------------
<BANKED_CODE> 1 (was BANKED_CODE)
  Relative segment, address: CODE 000004FF - 000005D9 (0xdb bytes), align: 0
  Segment part 57.            Intra module refs:   basicRfRxFrmDoneIsr::?relay
           LOCAL                   ADDRESS         
           =====                   =======         
           basicRfRxFrmDoneIsr     000004FF 
               calls direct, is indirectly called
               ISTACK = 00000000 ( 00000002 )
    -------------------------------------------------------------------------
<BANKED_CODE> 1 (was BANKED_CODE)
  Relative segment, address: CODE 000005DA - 000005E7 (0xe bytes), align: 0
  Segment part 59.            Intra module refs:   basicRfRxFrmDoneIsr
           LOCAL                   ADDRESS         
           =====                   =======         
           ?Subroutine5            000005DA 
    -------------------------------------------------------------------------
<BANKED_CODE> 1 (was BANKED_CODE)
  Relative segment, address: CODE 000005E8 - 0000066B (0x84 bytes), align: 0
  Segment part 60.            Intra module refs:   basicRfInit::?relay
           ENTRY                   ADDRESS         REF BY
           =====                   =======         ======
           basicRfInit             000005E8 
               calls direct
               XSTACK = 00000009 ( 00000009 )
    -------------------------------------------------------------------------
<BANKED_CODE> 1 (was BANKED_CODE)
  Relative segment, address: CODE 0000066C - 00000670 (0x5 bytes), align: 0
  Segment part 62.            Intra module refs:   RF_Initial
                                                   basicRfInit
           LOCAL                   ADDRESS         
           =====                   =======         
           ?Subroutine1            0000066C 
    -------------------------------------------------------------------------
<BANKED_CODE> 1 (was BANKED_CODE)
  Relative segment, address: CODE 00000671 - 0000067E (0xe bytes), align: 0
  Segment part 63.            Intra module refs:   basicRfInit
           LOCAL                   ADDRESS         
           =====                   =======         
           ?Subroutine4            00000671 
    -------------------------------------------------------------------------
SFR_AN
  Relative segment, address: DATA 00000080 - 00000080 (0x1 bytes), align: 0
  Segment part 1. ROOT.       Intra module refs:   C51_GPIO_ioDetective
                                                   halLedClear
                                                   halLedSet
                                                   halLedToggle
                                                   halRfSetGain
                                                   main
           ENTRY                   ADDRESS         REF BY
           =====                   =======         ======
           _A_P0                   00000080 
           LOCAL                   ADDRESS         
           =====                   =======         
           P0                      00000080 
    -------------------------------------------------------------------------
SFR_AN
  Relative segment, address: DATA 00000087 - 00000087 (0x1 bytes), align: 0
  Segment part 2. ROOT.       Intra module refs:   C51_RTC_SysPowerMode
           ENTRY                   ADDRESS         REF BY
           =====                   =======         ======
           PCON                    00000087 
    -------------------------------------------------------------------------
SFR_AN
  Relative segment, address: DATA 00000089 - 00000089 (0x1 bytes), align: 0
  Segment part 3. ROOT.       Intra module refs:   port0_ISR
           ENTRY                   ADDRESS         REF BY
           =====                   =======         ======
           P0IFG                   00000089 
    -------------------------------------------------------------------------
SFR_AN
  Relative segment, address: DATA 0000008A - 0000008A (0x1 bytes), align: 0
  Segment part 4. ROOT.       Intra module refs:   port1_ISR
           ENTRY                   ADDRESS         REF BY
           =====                   =======         ======
           P1IFG                   0000008A 
    -------------------------------------------------------------------------
SFR_AN
  Relative segment, address: DATA 0000008B - 0000008B (0x1 bytes), align: 0
  Segment part 5. ROOT.       Intra module refs:   port2_ISR
           ENTRY                   ADDRESS         REF BY
           =====                   =======         ======
           P2IFG                   0000008B 
    -------------------------------------------------------------------------
SFR_AN
  Relative segment, address: DATA 0000008F - 0000008F (0x1 bytes), align: 0
  Segment part 6. ROOT.       Intra module refs:   main
           ENTRY                   ADDRESS         REF BY
           =====                   =======         ======
           P0INP                   0000008F 
    -------------------------------------------------------------------------
SFR_AN
  Relative segment, address: DATA 00000090 - 00000090 (0x1 bytes), align: 0
  Segment part 7. ROOT.       Intra module refs:   C51_GPIO_ioDetective
           ENTRY                   ADDRESS         REF BY
           =====                   =======         ======
           _A_P1                   00000090 
           LOCAL                   ADDRESS         
           =====                   =======         
           P1                      00000090 
    -------------------------------------------------------------------------
SFR_AN
  Relative segment, address: DATA 00000095 - 00000095 (0x1 bytes), align: 0
  Segment part 8. ROOT.       Intra module refs:   main
           ENTRY                   ADDRESS         REF BY
           =====                   =======         ======
           ST0                     00000095 
    -------------------------------------------------------------------------
SFR_AN
  Relative segment, address: DATA 00000096 - 00000096 (0x1 bytes), align: 0
  Segment part 9. ROOT.       Intra module refs:   main
           ENTRY                   ADDRESS         REF BY
           =====                   =======         ======
           ST1                     00000096 
    -------------------------------------------------------------------------
SFR_AN
  Relative segment, address: DATA 00000097 - 00000097 (0x1 bytes), align: 0
  Segment part 10. ROOT.      Intra module refs:   main
           ENTRY                   ADDRESS         REF BY
           =====                   =======         ======
           ST2                     00000097 
    -------------------------------------------------------------------------
SFR_AN
  Relative segment, address: DATA 0000009A - 0000009A (0x1 bytes), align: 0
  Segment part 11. ROOT.      Intra module refs:   halRfDisableRxInterrupt
                                                   halRfEnableRxInterrupt
           ENTRY                   ADDRESS         REF BY
           =====                   =======         ======
           IEN2                    0000009A 
    -------------------------------------------------------------------------
SFR_AN
  Relative segment, address: DATA 0000009B - 0000009B (0x1 bytes), align: 0
  Segment part 12. ROOT.      Intra module refs:   rfIsr
           ENTRY                   ADDRESS         REF BY
           =====                   =======         ======
           S1CON                   0000009B 
    -------------------------------------------------------------------------
SFR_AN
  Relative segment, address: DATA 0000009D - 0000009D (0x1 bytes), align: 0
  Segment part 13. ROOT.      Intra module refs:   clockSetMainSrc
           ENTRY                   ADDRESS         REF BY
           =====                   =======         ======
           SLEEPSTA                0000009D 
    -------------------------------------------------------------------------
SFR_AN
  Relative segment, address: DATA 0000009E - 0000009E (0x1 bytes), align: 0
  Segment part 14. ROOT.      Intra module refs:   clockSelect32k
                                                   clockSetMainSrc
           ENTRY                   ADDRESS         REF BY
           =====                   =======         ======
           CLKCONSTA               0000009E 
    -------------------------------------------------------------------------
SFR_AN
  Relative segment, address: DATA 000000A0 - 000000A0 (0x1 bytes), align: 0
  Segment part 15. ROOT.      Intra module refs:   C51_GPIO_ioDetective
           ENTRY                   ADDRESS         REF BY
           =====                   =======         ======
           _A_P2                   000000A0 
           LOCAL                   ADDRESS         
           =====                   =======         
           P2                      000000A0 
    -------------------------------------------------------------------------
SFR_AN
  Relative segment, address: DATA 000000A8 - 000000A8 (0x1 bytes), align: 0
  Segment part 16. ROOT.      Intra module refs:   RF_RecvPacket
                                                   basicRfInit
                                                   basicRfRxFrmDoneIsr
                                                   main
                                                   rfIsr
           ENTRY                   ADDRESS         REF BY
           =====                   =======         ======
           _A_IEN0                 000000A8 
           LOCAL                   ADDRESS         
           =====                   =======         
           IEN0                    000000A8 
    -------------------------------------------------------------------------
SFR_AN
  Relative segment, address: DATA 000000BE - 000000BE (0x1 bytes), align: 0
  Segment part 17. ROOT.      Intra module refs:   C51_RTC_SysPowerMode
                                                   clockSetMainSrc
           ENTRY                   ADDRESS         REF BY
           =====                   =======         ======
           SLEEPCMD                000000BE 
    -------------------------------------------------------------------------
SFR_AN
  Relative segment, address: DATA 000000C0 - 000000C0 (0x1 bytes), align: 0
  Segment part 18. ROOT.      Intra module refs:   ST_ISR
                                                   main
                                                   port0_ISR
           ENTRY                   ADDRESS         REF BY
           =====                   =======         ======
           _A_IRCON                000000C0 
           LOCAL                   ADDRESS         
           =====                   =======         
           IRCON                   000000C0 
    -------------------------------------------------------------------------
SFR_AN
  Relative segment, address: DATA 000000C6 - 000000C6 (0x1 bytes), align: 0
  Segment part 19. ROOT.      Intra module refs:   clockSelect32k
                                                   clockSetMainSrc
           ENTRY                   ADDRESS         REF BY
           =====                   =======         ======
           CLKCONCMD               000000C6 
    -------------------------------------------------------------------------
SFR_AN
  Relative segment, address: DATA 000000D9 - 000000D9 (0x1 bytes), align: 0
  Segment part 20. ROOT.      Intra module refs:   halRfReadRxBuf
           ENTRY                   ADDRESS         REF BY
           =====                   =======         ======
           RFD                     000000D9 
    -------------------------------------------------------------------------
SFR_AN
  Relative segment, address: DATA 000000E1 - 000000E1 (0x1 bytes), align: 0
  Segment part 21. ROOT.      Intra module refs:   RF_Initial
           ENTRY                   ADDRESS         REF BY
           =====                   =======         ======
           RFST                    000000E1 
    -------------------------------------------------------------------------
SFR_AN
  Relative segment, address: DATA 000000E8 - 000000E8 (0x1 bytes), align: 0
  Segment part 22. ROOT.      Intra module refs:   port1_ISR
                                                   port2_ISR
           ENTRY                   ADDRESS         REF BY
           =====                   =======         ======
           _A_IRCON2               000000E8 
           LOCAL                   ADDRESS         
           =====                   =======         
           IRCON2                  000000E8 
    -------------------------------------------------------------------------
SFR_AN
  Relative segment, address: DATA 000000E9 - 000000E9 (0x1 bytes), align: 0
  Segment part 23. ROOT.      Intra module refs:   rfIsr
           ENTRY                   ADDRESS         REF BY
           =====                   =======         ======
           RFIRQF0                 000000E9 
    -------------------------------------------------------------------------
SFR_AN
  Relative segment, address: DATA 000000F3 - 000000F3 (0x1 bytes), align: 0
  Segment part 24. ROOT.      Intra module refs:   main
           ENTRY                   ADDRESS         REF BY
           =====                   =======         ======
           P0SEL                   000000F3 
    -------------------------------------------------------------------------
SFR_AN
  Relative segment, address: DATA 000000F7 - 000000F7 (0x1 bytes), align: 0
  Segment part 25. ROOT.      Intra module refs:   main
           ENTRY                   ADDRESS         REF BY
           =====                   =======         ======
           P2INP                   000000F7 
    -------------------------------------------------------------------------
SFR_AN
  Relative segment, address: DATA 000000FD - 000000FD (0x1 bytes), align: 0
  Segment part 26. ROOT.      Intra module refs:   halRfInit
                                                   main
           ENTRY                   ADDRESS         REF BY
           =====                   =======         ======
           P0DIR                   000000FD 
    -------------------------------------------------------------------------
SFR_AN
  Relative segment, address: DATA 000000FE - 000000FE (0x1 bytes), align: 0
  Segment part 27. ROOT.      Intra module refs:   main
           ENTRY                   ADDRESS         REF BY
           =====                   =======         ======
           P1DIR                   000000FE 
    -------------------------------------------------------------------------
SFR_AN
  Relative segment, address: DATA 000000FF - 000000FF (0x1 bytes), align: 0
  Segment part 28. ROOT.      Intra module refs:   main
           ENTRY                   ADDRESS         REF BY
           =====                   =======         ======
           P2DIR                   000000FF 
    -------------------------------------------------------------------------
<BANKED_CODE> 1 (was BANKED_CODE)
  Relative segment, address: CODE 0000067F - 000006B2 (0x34 bytes), align: 0
  Segment part 64.            Intra module refs:   clockSetMainSrc::?relay
           ENTRY                   ADDRESS         REF BY
           =====                   =======         ======
           clockSetMainSrc         0000067F 
    -------------------------------------------------------------------------
<BANKED_CODE> 1 (was BANKED_CODE)
  Relative segment, address: CODE 000006B3 - 000006DB (0x29 bytes), align: 0
  Segment part 66.            Intra module refs:   clockSelect32k::?relay
           ENTRY                   ADDRESS         REF BY
           =====                   =======         ======
           clockSelect32k          000006B3 
    -------------------------------------------------------------------------
<BANKED_CODE> 1 (was BANKED_CODE)
  Relative segment, address: CODE 000006DC - 000006FF (0x24 bytes), align: 0
  Segment part 68.            Intra module refs:   halMcuInit::?relay
           ENTRY                   ADDRESS         REF BY
           =====                   =======         ======
           halMcuInit              000006DC 
               calls direct
               ISTACK = 00000000 ( 00000002 )
    -------------------------------------------------------------------------
<BANKED_CODE> 1 (was BANKED_CODE)
  Relative segment, address: CODE 00000700 - 0000072C (0x2d bytes), align: 0
  Segment part 70.            Intra module refs:   halMcuWaitUs::?relay
           ENTRY                   ADDRESS         REF BY
           =====                   =======         ======
           halMcuWaitUs            00000700 
               XSTACK = 00000009 ( 00000000 )
    -------------------------------------------------------------------------
<BANKED_CODE> 1 (was BANKED_CODE)
  Relative segment, address: CODE 0000072D - 00000753 (0x27 bytes), align: 0
  Segment part 72.            Intra module refs:   halMcuWaitMs::?relay
           ENTRY                   ADDRESS         REF BY
           =====                   =======         ======
           halMcuWaitMs            0000072D 
               calls direct
               XSTACK = 0000000A ( 00000009 )
    -------------------------------------------------------------------------
XDATA_Z
  Relative segment, address: XDATA 0000018A - 0000018B (0x2 bytes), align: 0
  Segment part 44.            Intra module refs:   basicRfInit
                                                   rfIsr
           LOCAL                   ADDRESS         
           =====                   =======         
           pfISR                   0000018A 
    -------------------------------------------------------------------------
XDATA_I
  Relative segment, address: XDATA 000001E8 - 000001E8 (0x1 bytes), align: 0
  Segment part 45.            Intra module refs:   halRfSetGain
           LOCAL                   ADDRESS         
           =====                   =======         
           rssiOffset              000001E8 
    -------------------------------------------------------------------------
<BANKED_CODE> 1 (was BANKED_CODE)
  Relative segment, address: CODE 00000754 - 000007A4 (0x51 bytes), align: 0
  Segment part 74.            Intra module refs:   halRfInit::?relay
           ENTRY                   ADDRESS         REF BY
           =====                   =======         ======
           halRfInit               00000754 
               calls direct
               XSTACK = 00000009 ( 00000000 )
               ISTACK = 00000000 ( 00000002 )
    -------------------------------------------------------------------------
<BANKED_CODE> 1 (was BANKED_CODE)
  Relative segment, address: CODE 000007A5 - 000007C8 (0x24 bytes), align: 0
  Segment part 76.            Intra module refs:   halRfSetGain::?relay
           ENTRY                   ADDRESS         REF BY
           =====                   =======         ======
           halRfSetGain            000007A5 
               ISTACK = 00000000 ( 00000002 )
    -------------------------------------------------------------------------
<BANKED_CODE> 1 (was BANKED_CODE)
  Relative segment, address: CODE 000007C9 - 000007CF (0x7 bytes), align: 0
  Segment part 78.            Intra module refs:   basicRfRxFrmDoneIsr
                                                   halMcuInit
                                                   halRfDisableRxInterrupt
                                                   halRfEnableRxInterrupt
                                                   halRfInit
                                                   halRfReadRxBuf
                                                   halRfSetGain
           LOCAL                   ADDRESS         
           =====                   =======         
           ?Subroutine0            000007C9 
    -------------------------------------------------------------------------
<BANKED_CODE> 1 (was BANKED_CODE)
  Relative segment, address: CODE 000007D0 - 000007E7 (0x18 bytes), align: 0
  Segment part 79.            Intra module refs:   halRfReadRxBuf::?relay
           ENTRY                   ADDRESS         REF BY
           =====                   =======         ======
           halRfReadRxBuf          000007D0 
               ISTACK = 00000000 ( 00000003 )
    -------------------------------------------------------------------------
<BANKED_CODE> 1 (was BANKED_CODE)
  Relative segment, address: CODE 000007E8 - 000007F7 (0x10 bytes), align: 0
  Segment part 81.            Intra module refs:   halRfDisableRxInterrupt::?relay
           ENTRY                   ADDRESS         REF BY
           =====                   =======         ======
           halRfDisableRxInterrupt
                                   000007E8 
               ISTACK = 00000000 ( 00000002 )
    -------------------------------------------------------------------------
<BANKED_CODE> 1 (was BANKED_CODE)
  Relative segment, address: CODE 000007F8 - 00000807 (0x10 bytes), align: 0
  Segment part 83.            Intra module refs:   halRfEnableRxInterrupt::?relay
           ENTRY                   ADDRESS         REF BY
           =====                   =======         ======
           halRfEnableRxInterrupt
                                   000007F8 
               ISTACK = 00000000 ( 00000002 )
    -------------------------------------------------------------------------
NEAR_CODE
  Relative segment, address: CODE 00000399 - 000003CB (0x33 bytes), align: 0
  Segment part 103.           Intra module refs:   rfIsr::??INTVEC 131
           ENTRY                   ADDRESS         REF BY
           =====                   =======         ======
           rfIsr                   00000399 
               interrupt function
               ISTACK = 00000000 ( 0000000F )
    -------------------------------------------------------------------------
NEAR_CODE
  Relative segment, address: CODE 000003CC - 000003D0 (0x5 bytes), align: 0
  Segment part 104.           Intra module refs:   ST_ISR
                                                   rfIsr
           LOCAL                   ADDRESS         
           =====                   =======         
           ?Subroutine2            000003CC 
    -------------------------------------------------------------------------
XDATA_I
  Relative segment, address: XDATA 000001E9 - 000001E9 (0x1 bytes), align: 0
  Segment part 47.            Intra module refs:   halRfInit
           LOCAL                   ADDRESS         
           =====                   =======         
           halPaLnaInit::fFirst    000001E9 
    -------------------------------------------------------------------------
XDATA_I
  Relative segment, address: XDATA 000001EA - 000001ED (0x4 bytes), align: 0
  Segment part 55.            Intra module refs:   basicRfInit
           ENTRY                   ADDRESS         REF BY
           =====                   =======         ======
           __Constant_0            000001EA 
    -------------------------------------------------------------------------
<BANKED_CODE> 1 (was BANKED_CODE)
  Relative segment, address: CODE 00000808 - 0000081E (0x17 bytes), align: 0
  Segment part 85.            Intra module refs:   halAssertHandler::?relay
           ENTRY                   ADDRESS         REF BY
           =====                   =======         ======
           halAssertHandler        00000808 
               calls direct
               XSTACK = 00000009 ( 00000000 )
               ISTACK = 00000000 ( 00000002 )
    -------------------------------------------------------------------------
XDATA_Z
  Relative segment, address: XDATA 0000018C - 0000019B (0x10 bytes), align: 0
  Segment part 49.            Intra module refs:   port0_ISR
           LOCAL                   ADDRESS         
           =====                   =======         
           port0_isr_tbl           0000018C 
    -------------------------------------------------------------------------
XDATA_Z
  Relative segment, address: XDATA 0000019C - 000001AB (0x10 bytes), align: 0
  Segment part 50.            Intra module refs:   port1_ISR
           LOCAL                   ADDRESS         
           =====                   =======         
           port1_isr_tbl           0000019C 
    -------------------------------------------------------------------------
XDATA_Z
  Relative segment, address: XDATA 000001AC - 000001B5 (0xa bytes), align: 0
  Segment part 51.            Intra module refs:   port2_ISR
           LOCAL                   ADDRESS         
           =====                   =======         
           port2_isr_tbl           000001AC 
    -------------------------------------------------------------------------
NEAR_CODE
  Relative segment, address: CODE 000003D1 - 00000424 (0x54 bytes), align: 0
  Segment part 105.           Intra module refs:   port0_ISR::??INTVEC 107
           ENTRY                   ADDRESS         REF BY
           =====                   =======         ======
           port0_ISR               000003D1 
               interrupt function
               ISTACK = 00000000 ( 00000010 )
    -------------------------------------------------------------------------
NEAR_CODE
  Relative segment, address: CODE 00000425 - 00000429 (0x5 bytes), align: 0
  Segment part 106.           Intra module refs:   port0_ISR
                                                   port1_ISR
                                                   port2_ISR
           LOCAL                   ADDRESS         
           =====                   =======         
           ?Subroutine3            00000425 
    -------------------------------------------------------------------------
NEAR_CODE
  Relative segment, address: CODE 0000042A - 0000047F (0x56 bytes), align: 0
  Segment part 107.           Intra module refs:   port1_ISR::??INTVEC 123
           ENTRY                   ADDRESS         REF BY
           =====                   =======         ======
           port1_ISR               0000042A 
               interrupt function
               ISTACK = 00000000 ( 00000010 )
    -------------------------------------------------------------------------
NEAR_CODE
  Relative segment, address: CODE 00000480 - 0000048A (0xb bytes), align: 0
  Segment part 108.           Intra module refs:   port0_ISR
                                                   port1_ISR
                                                   port2_ISR
           LOCAL                   ADDRESS         
           =====                   =======         
           ?Subroutine7            00000480 
    -------------------------------------------------------------------------
NEAR_CODE
  Relative segment, address: CODE 0000048B - 00000496 (0xc bytes), align: 0
  Segment part 109.           Intra module refs:   port0_ISR
                                                   port1_ISR
                                                   port2_ISR
           LOCAL                   ADDRESS         
           =====                   =======         
           ?Subroutine6            0000048B 
    -------------------------------------------------------------------------
NEAR_CODE
  Relative segment, address: CODE 00000497 - 000004ED (0x57 bytes), align: 0
  Segment part 110.           Intra module refs:   port2_ISR::??INTVEC 51
           ENTRY                   ADDRESS         REF BY
           =====                   =======         ======
           port2_ISR               00000497 
               interrupt function
               ISTACK = 00000000 ( 00000010 )
    -------------------------------------------------------------------------
<BANKED_CODE> 1 (was BANKED_CODE)
  Relative segment, address: CODE 0000081F - 00000830 (0x12 bytes), align: 0
  Segment part 87.            Intra module refs:   halLedSet::?relay
           ENTRY                   ADDRESS         REF BY
           =====                   =======         ======
           halLedSet               0000081F 
               XSTACK = 0000000A ( 00000000 )
    -------------------------------------------------------------------------
<BANKED_CODE> 1 (was BANKED_CODE)
  Relative segment, address: CODE 00000831 - 00000842 (0x12 bytes), align: 0
  Segment part 89.            Intra module refs:   halLedClear::?relay
           ENTRY                   ADDRESS         REF BY
           =====                   =======         ======
           halLedClear             00000831 
               XSTACK = 0000000A ( 00000000 )
    -------------------------------------------------------------------------
<BANKED_CODE> 1 (was BANKED_CODE)
  Relative segment, address: CODE 00000843 - 00000856 (0x14 bytes), align: 0
  Segment part 91.            Intra module refs:   halLedToggle::?relay
           ENTRY                   ADDRESS         REF BY
           =====                   =======         ======
           halLedToggle            00000843 
    -------------------------------------------------------------------------
XDATA_Z
  Relative segment, address: XDATA 000001B6 - 000001BB (0x6 bytes), align: 0
  Segment part 52.            Intra module refs:   RF_Initial
           LOCAL                   ADDRESS         
           =====                   =======         
           basicRfConfig           000001B6 
    -------------------------------------------------------------------------
XDATA_Z
  Relative segment, address: XDATA 000001BC - 000001D9 (0x1e bytes), align: 0
  Segment part 53.            Intra module refs:   RF_RecvPacket
           LOCAL                   ADDRESS         
           =====                   =======         
           pRxData                 000001BC 
    -------------------------------------------------------------------------
XDATA_Z
  Relative segment, address: XDATA 000001DA - 000001DB (0x2 bytes), align: 0
  Segment part 54.            Intra module refs:   RF_RecvPacket
           LOCAL                   ADDRESS         
           =====                   =======         
           RecvCnt                 000001DA 
    -------------------------------------------------------------------------
<BANKED_CODE> 1 (was BANKED_CODE)
  Relative segment, address: CODE 00000857 - 000008B2 (0x5c bytes), align: 0
  Segment part 93.            Intra module refs:   RF_Initial::?relay
           LOCAL                   ADDRESS         
           =====                   =======         
           RF_Initial              00000857 
               calls direct
               XSTACK = 00000000 ( 00000009 )
    -------------------------------------------------------------------------
<BANKED_CODE> 1 (was BANKED_CODE)
  Relative segment, address: CODE 000008B3 - 0000093D (0x8b bytes), align: 0
  Segment part 95.            Intra module refs:   RF_RecvPacket::?relay
           LOCAL                   ADDRESS         
           =====                   =======         
           RF_RecvPacket           000008B3 
               calls direct
               XSTACK = 00000000 ( 0000000C )
    -------------------------------------------------------------------------
<BANKED_CODE> 1 (was BANKED_CODE)
  Relative segment, address: CODE 0000093E - 0000098B (0x4e bytes), align: 0
  Segment part 97.
           ENTRY                   ADDRESS         REF BY
           =====                   =======         ======
           main                    0000093E        ?call_main (?cmain)
               calls direct
    -------------------------------------------------------------------------
<BANKED_CODE> 1 (was BANKED_CODE)
  Relative segment, address: CODE 0000098C - 000009FC (0x71 bytes), align: 0
  Segment part 99.            Intra module refs:   C51_GPIO_ioDetective::?relay
           ENTRY                   ADDRESS         REF BY
           =====                   =======         ======
           C51_GPIO_ioDetective    0000098C 
    -------------------------------------------------------------------------
<BANKED_CODE> 1 (was BANKED_CODE)
  Relative segment, address: CODE 000009FD - 00000A10 (0x14 bytes), align: 0
  Segment part 101.           Intra module refs:   C51_RTC_SysPowerMode::?relay
           ENTRY                   ADDRESS         REF BY
           =====                   =======         ======
           C51_RTC_SysPowerMode    000009FD 
    -------------------------------------------------------------------------
NEAR_CODE
  Relative segment, address: CODE 000004EE - 000004FE (0x11 bytes), align: 0
  Segment part 111.           Intra module refs:   ST_ISR::??INTVEC 43
           ENTRY                   ADDRESS         REF BY
           =====                   =======         ======
           ST_ISR                  000004EE 
               interrupt function
               calls direct
               ISTACK = 00000000 ( 0000000F )
    -------------------------------------------------------------------------
INTVEC
  Common segment, address: CODE 00000000 - 0000002D (0x2e bytes), align: 0
  Segment part 29. ROOT.
           ENTRY                   ADDRESS         REF BY
           =====                   =======         ======
           ST_ISR::??INTVEC 43     0000002B 
    -------------------------------------------------------------------------
INTVEC
  Common segment, address: CODE 00000000 - 00000035 (0x36 bytes), align: 0
  Segment part 30. ROOT.
           ENTRY                   ADDRESS         REF BY
           =====                   =======         ======
           port2_ISR::??INTVEC 51
                                   00000033 
    -------------------------------------------------------------------------
INTVEC
  Common segment, address: CODE 00000000 - 0000006D (0x6e bytes), align: 0
  Segment part 31. ROOT.
           ENTRY                   ADDRESS         REF BY
           =====                   =======         ======
           port0_ISR::??INTVEC 107
                                   0000006B 
    -------------------------------------------------------------------------
INTVEC
  Common segment, address: CODE 00000000 - 0000007D (0x7e bytes), align: 0
  Segment part 32. ROOT.
           ENTRY                   ADDRESS         REF BY
           =====                   =======         ======
           port1_ISR::??INTVEC 123
                                   0000007B 
    -------------------------------------------------------------------------
INTVEC
  Common segment, address: CODE 00000000 - 00000085 (0x86 bytes), align: 0
  Segment part 33. ROOT.
           ENTRY                   ADDRESS         REF BY
           =====                   =======         ======
           rfIsr::??INTVEC 131     00000083 
    -------------------------------------------------------------------------
XDATA_ID
  Relative segment, address: CODE 00000116 - 00000121 (0xc bytes), align: 0
  Segment part 40.            Intra module refs:   rxi
    -------------------------------------------------------------------------
XDATA_ID
  Relative segment, address: CODE 00000122 - 00000122 (0x1 bytes), align: 0
  Segment part 46.            Intra module refs:   rssiOffset
    -------------------------------------------------------------------------
XDATA_ID
  Relative segment, address: CODE 00000123 - 00000123 (0x1 bytes), align: 0
  Segment part 48.            Intra module refs:   halPaLnaInit::fFirst
    -------------------------------------------------------------------------
XDATA_ID
  Relative segment, address: CODE 00000124 - 00000127 (0x4 bytes), align: 0
  Segment part 56.            Intra module refs:   __Constant_0
    -------------------------------------------------------------------------
BANK_RELAYS
  Relative segment, address: CODE 00000128 - 0000012D (0x6 bytes), align: 0
  Segment part 58.            Intra module refs:   basicRfInit
           LOCAL                   ADDRESS         
           =====                   =======         
           basicRfRxFrmDoneIsr::?relay
                                   00000128 
    -------------------------------------------------------------------------
BANK_RELAYS
  Relative segment, address: CODE 0000012E - 00000133 (0x6 bytes), align: 0
  Segment part 61.            Intra module refs:   RF_Initial
           ENTRY                   ADDRESS         REF BY
           =====                   =======         ======
           basicRfInit::?relay     0000012E 
    -------------------------------------------------------------------------
BANK_RELAYS
  Relative segment, address: CODE 00000134 - 00000139 (0x6 bytes), align: 0
  Segment part 65.            Intra module refs:   halMcuInit
           ENTRY                   ADDRESS         REF BY
           =====                   =======         ======
           clockSetMainSrc::?relay
                                   00000134 
    -------------------------------------------------------------------------
BANK_RELAYS
  Relative segment, address: CODE 0000013A - 0000013F (0x6 bytes), align: 0
  Segment part 67.            Intra module refs:   halMcuInit
           ENTRY                   ADDRESS         REF BY
           =====                   =======         ======
           clockSelect32k::?relay
                                   0000013A 
    -------------------------------------------------------------------------
BANK_RELAYS
  Relative segment, address: CODE 00000140 - 00000145 (0x6 bytes), align: 0
  Segment part 69.            Intra module refs:   main
           ENTRY                   ADDRESS         REF BY
           =====                   =======         ======
           halMcuInit::?relay      00000140 
    -------------------------------------------------------------------------
BANK_RELAYS
  Relative segment, address: CODE 00000146 - 0000014B (0x6 bytes), align: 0
  Segment part 71.            Intra module refs:   halMcuWaitMs
           ENTRY                   ADDRESS         REF BY
           =====                   =======         ======
           halMcuWaitUs::?relay    00000146 
    -------------------------------------------------------------------------
BANK_RELAYS
  Relative segment, address: CODE 0000014C - 00000151 (0x6 bytes), align: 0
  Segment part 73.            Intra module refs:   RF_RecvPacket
                                                   halAssertHandler
           ENTRY                   ADDRESS         REF BY
           =====                   =======         ======
           halMcuWaitMs::?relay    0000014C 
    -------------------------------------------------------------------------
BANK_RELAYS
  Relative segment, address: CODE 00000152 - 00000157 (0x6 bytes), align: 0
  Segment part 75.            Intra module refs:   basicRfInit
                                                   main
           ENTRY                   ADDRESS         REF BY
           =====                   =======         ======
           halRfInit::?relay       00000152 
    -------------------------------------------------------------------------
BANK_RELAYS
  Relative segment, address: CODE 00000158 - 0000015D (0x6 bytes), align: 0
  Segment part 77.            Intra module refs:   halRfInit
           ENTRY                   ADDRESS         REF BY
           =====                   =======         ======
           halRfSetGain::?relay    00000158 
    -------------------------------------------------------------------------
BANK_RELAYS
  Relative segment, address: CODE 0000015E - 00000163 (0x6 bytes), align: 0
  Segment part 80.            Intra module refs:   ?Subroutine5
                                                   basicRfRxFrmDoneIsr
           ENTRY                   ADDRESS         REF BY
           =====                   =======         ======
           halRfReadRxBuf::?relay
                                   0000015E 
    -------------------------------------------------------------------------
BANK_RELAYS
  Relative segment, address: CODE 00000164 - 00000169 (0x6 bytes), align: 0
  Segment part 82.            Intra module refs:   basicRfRxFrmDoneIsr
           ENTRY                   ADDRESS         REF BY
           =====                   =======         ======
           halRfDisableRxInterrupt::?relay
                                   00000164 
    -------------------------------------------------------------------------
BANK_RELAYS
  Relative segment, address: CODE 0000016A - 0000016F (0x6 bytes), align: 0
  Segment part 84.            Intra module refs:   basicRfRxFrmDoneIsr
                                                   halRfInit
           ENTRY                   ADDRESS         REF BY
           =====                   =======         ======
           halRfEnableRxInterrupt::?relay
                                   0000016A 
    -------------------------------------------------------------------------
BANK_RELAYS
  Relative segment, address: CODE 00000170 - 00000175 (0x6 bytes), align: 0
  Segment part 86.            Intra module refs:   RF_Initial
                                                   halMcuInit
                                                   main
           ENTRY                   ADDRESS         REF BY
           =====                   =======         ======
           halAssertHandler::?relay
                                   00000170 
    -------------------------------------------------------------------------
BANK_RELAYS
  Relative segment, address: CODE 00000176 - 0000017B (0x6 bytes), align: 0
  Segment part 88.            Intra module refs:   RF_RecvPacket
           ENTRY                   ADDRESS         REF BY
           =====                   =======         ======
           halLedSet::?relay       00000176 
    -------------------------------------------------------------------------
BANK_RELAYS
  Relative segment, address: CODE 0000017C - 00000181 (0x6 bytes), align: 0
  Segment part 90.            Intra module refs:   RF_RecvPacket
                                                   main
           ENTRY                   ADDRESS         REF BY
           =====                   =======         ======
           halLedClear::?relay     0000017C 
    -------------------------------------------------------------------------
BANK_RELAYS
  Relative segment, address: CODE 00000182 - 00000187 (0x6 bytes), align: 0
  Segment part 92.            Intra module refs:   halAssertHandler
           ENTRY                   ADDRESS         REF BY
           =====                   =======         ======
           halLedToggle::?relay    00000182 
    -------------------------------------------------------------------------
BANK_RELAYS
  Relative segment, address: CODE 00000188 - 0000018D (0x6 bytes), align: 0
  Segment part 94.            Intra module refs:   main
           LOCAL                   ADDRESS         
           =====                   =======         
           RF_Initial::?relay      00000188 
    -------------------------------------------------------------------------
BANK_RELAYS
  Relative segment, address: CODE 0000018E - 00000193 (0x6 bytes), align: 0
  Segment part 96.            Intra module refs:   main
           LOCAL                   ADDRESS         
           =====                   =======         
           RF_RecvPacket::?relay   0000018E 
    -------------------------------------------------------------------------
BANK_RELAYS
  Relative segment, address: CODE 00000194 - 00000199 (0x6 bytes), align: 0
  Segment part 100.           Intra module refs:   main
           ENTRY                   ADDRESS         REF BY
           =====                   =======         ======
           C51_GPIO_ioDetective::?relay
                                   00000194 
    -------------------------------------------------------------------------
BANK_RELAYS
  Relative segment, address: CODE 0000019A - 0000019F (0x6 bytes), align: 0
  Segment part 102.           Intra module refs:   ST_ISR
           ENTRY                   ADDRESS         REF BY
           =====                   =======         ======
           C51_RTC_SysPowerMode::?relay
                                   0000019A 

    *************************************************************************

  FILE NAME : F:\项目进行时\E18\CC2530_CC2592_V1.0（适用于E18-MS1PA1-PCB、E18-MS1PA1-IPX）\ide\temp\CC2530\clock.r51
    *************************************************************************

  FILE NAME : F:\项目进行时\E18\CC2530_CC2592_V1.0（适用于E18-MS1PA1-PCB、E18-MS1PA1-IPX）\ide\temp\CC2530\hal_assert.r51
    *************************************************************************

  FILE NAME : F:\项目进行时\E18\CC2530_CC2592_V1.0（适用于E18-MS1PA1-PCB、E18-MS1PA1-IPX）\ide\temp\CC2530\hal_board.r51
    *************************************************************************

  FILE NAME : F:\项目进行时\E18\CC2530_CC2592_V1.0（适用于E18-MS1PA1-PCB、E18-MS1PA1-IPX）\ide\temp\CC2530\hal_button.r51
    *************************************************************************

  FILE NAME : F:\项目进行时\E18\CC2530_CC2592_V1.0（适用于E18-MS1PA1-PCB、E18-MS1PA1-IPX）\ide\temp\CC2530\hal_digio.r51
    *************************************************************************

  FILE NAME : F:\项目进行时\E18\CC2530_CC2592_V1.0（适用于E18-MS1PA1-PCB、E18-MS1PA1-IPX）\ide\temp\CC2530\hal_int.r51
    *************************************************************************

  FILE NAME : F:\项目进行时\E18\CC2530_CC2592_V1.0（适用于E18-MS1PA1-PCB、E18-MS1PA1-IPX）\ide\temp\CC2530\hal_led.r51
    *************************************************************************

  FILE NAME : F:\项目进行时\E18\CC2530_CC2592_V1.0（适用于E18-MS1PA1-PCB、E18-MS1PA1-IPX）\ide\temp\CC2530\hal_mcu.r51
    *************************************************************************

  FILE NAME : F:\项目进行时\E18\CC2530_CC2592_V1.0（适用于E18-MS1PA1-PCB、E18-MS1PA1-IPX）\ide\temp\CC2530\hal_rf.r51
    *************************************************************************

  FILE NAME : F:\项目进行时\E18\CC2530_CC2592_V1.0（适用于E18-MS1PA1-PCB、E18-MS1PA1-IPX）\ide\temp\CC2530\hal_rf_security.r51
    *************************************************************************

  FILE NAME : F:\项目进行时\E18\CC2530_CC2592_V1.0（适用于E18-MS1PA1-PCB、E18-MS1PA1-IPX）\ide\temp\CC2530\util.r51
    *************************************************************************

  FILE NAME : F:\项目进行时\E18\CC2530_CC2592_V1.0（适用于E18-MS1PA1-PCB、E18-MS1PA1-IPX）\ide\temp\CC2530\util_buffer.r51
    *************************************************************************

  FILE NAME : C:\Program Files (x86)\IAR Systems\Embedded Workbench 6.0\8051\LIB\CLIB\cl-pli-blxd-1e16x01.r51
  LIBRARY MODULE, NAME : ?cexit

  SEGMENTS IN THE MODULE
  ======================
CSTART
  Relative segment, address: CODE 00000086 - 0000008A (0x5 bytes), align: 0
  Segment part 0.
           ENTRY                   ADDRESS         REF BY
           =====                   =======         ======
           exit                    00000086        ?call_main (?cmain)
           ?C_EXIT                 00000086 
           ?ROM_MONITOR_NOPS       00000086 

    -------------------------------------------------------------------------
  LIBRARY MODULE, NAME : ?cmain

  SEGMENTS IN THE MODULE
  ======================
CSTART
  Relative segment, address: CODE 0000008B, align: 0
  Segment part 0.
           ENTRY                   ADDRESS         REF BY
           =====                   =======         ======
           ?cmain                  0000008B        Segment part 13 (CSTARTUP)
    -------------------------------------------------------------------------
CSTART
  Relative segment, address: CODE 0000008B - 00000093 (0x9 bytes), align: 0
  Segment part 1.
           ENTRY                   ADDRESS         REF BY
           =====                   =======         ======
           __low_level_init_call   0000008B        __low_level_init (?low_level_init)
    -------------------------------------------------------------------------
CSTART
  Relative segment, address: CODE 00000094 - 000000A3 (0x10 bytes), align: 0
  Segment part 11.
           ENTRY                   ADDRESS         REF BY
           =====                   =======         ======
           __INIT_XDATA_Z          00000094        RecvCnt (basic_rf)
                                                   basicRfConfig (basic_rf)
                                                   pConfig (basic_rf)
                                                   pRxData (basic_rf)
                                                   pfISR (basic_rf)
                                                   port0_isr_tbl (basic_rf)
                                                   port1_isr_tbl (basic_rf)
                                                   port2_isr_tbl (basic_rf)
                                                   rxMpdu (basic_rf)
                                                   txState (basic_rf)
    -------------------------------------------------------------------------
CSTART
  Relative segment, address: CODE 000000A4 - 000000CC (0x29 bytes), align: 0
  Segment part 28.
           ENTRY                   ADDRESS         REF BY
           =====                   =======         ======
           __INIT_XDATA_I          000000A4        __Constant_0 (basic_rf)
                                                   halPaLnaInit::fFirst (basic_rf)
                                                   rssiOffset (basic_rf)
                                                   rxi (basic_rf)
    -------------------------------------------------------------------------
CSTART
  Relative segment, address: CODE 000000CD, align: 0
  Segment part 32.            Intra module refs:   __low_level_init_call
    -------------------------------------------------------------------------
CSTART
  Relative segment, address: CODE 000000CD - 000000E2 (0x16 bytes), align: 0
  Segment part 33.            Intra module refs:   ?cmain
           ENTRY                   ADDRESS         REF BY
           =====                   =======         ======
           ?call_main              000000CD 

    -------------------------------------------------------------------------
  LIBRARY MODULE, NAME : CSTARTUP

  SEGMENTS IN THE MODULE
  ======================
REGISTERS
  Relative segment, address: DATA 00000000, align: 0
  Segment part 0.             Intra module refs:   Segment part 6
           ENTRY                   ADDRESS         REF BY
           =====                   =======         ======
           ?REGISTERS              00000000 
    -------------------------------------------------------------------------
ISTACK
  Relative segment, address: IDATA 000000C0, align: 0
  Segment part 1.             Intra module refs:   Segment part 6
           ENTRY                   ADDRESS         REF BY
           =====                   =======         ======
           ?ISTACK_START           000000C0 
    -------------------------------------------------------------------------
XSTACK
  Relative segment, address: XDATA 00000001, align: 0
  Segment part 3.             Intra module refs:   ?RESET_XSP
           ENTRY                   ADDRESS         REF BY
           =====                   =======         ======
           ?XSTACK_START           00000001 
    -------------------------------------------------------------------------
INTVEC
  Common segment, address: CODE 00000000 - 00000002 (0x3 bytes), align: 0
  Segment part 5. ROOT.       Intra module refs:   Segment part 6
    -------------------------------------------------------------------------
CSTART
  Relative segment, address: CODE 000000E3 - 000000E8 (0x6 bytes), align: 0
  Segment part 6. ROOT.       Intra module refs:   Segment part 5
           ENTRY                   ADDRESS         REF BY
           =====                   =======         ======
           __program_start         000000E3        Absolute parts (?ABS_ENTRY_MOD)
           ?RESET_SP               000000E6 
    -------------------------------------------------------------------------
CSTART
  Relative segment, address: CODE 000000E9 - 000000EE (0x6 bytes), align: 0
  Segment part 8.
           ENTRY                   ADDRESS         REF BY
           =====                   =======         ======
           ?RESET_XSP              000000E9        ?XSP (VIRTUAL_REGISTERS)
    -------------------------------------------------------------------------
CSTART
  Relative segment, address: CODE 000000EF - 000000F1 (0x3 bytes), align: 0
  Segment part 9.
           ENTRY                   ADDRESS         REF BY
           =====                   =======         ======
           ?RESET_CODE_BANK        000000EF        Absolute parts (?BANKED_CODE_SUPPORT)
    -------------------------------------------------------------------------
PDATA_Z
  Relative segment, address: XDATA 00001E00, align: 0
  Segment part 10. ROOT.
    -------------------------------------------------------------------------
CSTART
  Relative segment, address: CODE 000000F2 - 000000F4 (0x3 bytes), align: 0
  Segment part 13.            Intra module refs:   Absolute parts

    -------------------------------------------------------------------------
  LIBRARY MODULE, NAME : VIRTUAL_REGISTERS

  SEGMENTS IN THE MODULE
  ======================
BREG
  Relative segment, address: BIT 00000020.0 - 00000020.7 (0x8 bits), align: 0
  Segment part 0.
           ENTRY                   ADDRESS         REF BY
           =====                   =======         ======
           ?B0                     00000020.0      Absolute parts (CSTARTUP)
    -------------------------------------------------------------------------
VREG
  Relative segment, address: DATA 00000008, align: 0
  Segment part 1.
           ENTRY                   ADDRESS         REF BY
           =====                   =======         ======
           ?V0                     00000008        ?BANKED_ENTER_XDATA (?BANKED_ENTER_XDATA)
                                                   ?BANKED_LEAVE_XDATA (?BANKED_LEAVE_XDATA)
                                                   ?INTERRUPT_ENTER_XSP (?INTERRUPT_ENTER_XSP)
                                                   ?INTERRUPT_LEAVE_XSP (?INTERRUPT_LEAVE_XSP)
                                                   RF_RecvPacket (basic_rf)
                                                   memcpy (?memcpy)
                                                   port0_ISR (basic_rf)
                                                   port1_ISR (basic_rf)
                                                   port2_ISR (basic_rf)
    -------------------------------------------------------------------------
XSP
  Relative segment, address: DATA 00000010 - 00000011 (0x2 bytes), align: 0
  Segment part 3.
           ENTRY                   ADDRESS         REF BY
           =====                   =======         ======
           ?XSP                    00000010        ?ADD_XSTACK_DISP0_8 (?ADD_XSTACK_DISP8)
                                                   ?BANKED_ENTER_XDATA (?BANKED_ENTER_XDATA)
                                                   ?BANKED_LEAVE_XDATA (?BANKED_LEAVE_XDATA)
                                                   ?DEALLOC_XSTACK8 (?DEALLOC_XSTACK8)
                                                   ?INTERRUPT_ENTER_XSP (?INTERRUPT_ENTER_XSP)
                                                   ?INTERRUPT_LEAVE_XSP (?INTERRUPT_LEAVE_XSP)
                                                   ?RESET_XSP (CSTARTUP)
                                                   ?XSTACK_DISP0_8 (?XSTACK_DISP8)

    -------------------------------------------------------------------------
  LIBRARY MODULE, NAME : ?BANKED_CODE_SUPPORT

  SEGMENTS IN THE MODULE
  ======================
CSTART
  Relative segment, address: CODE 000000F5 - 00000112 (0x1e bytes), align: 0
  Segment part 0.
           ENTRY                   ADDRESS         REF BY
           =====                   =======         ======
           ?BCALL_FF               000000F5        ?call_main (?cmain)
           ?BRET_FF                000000FB        ?BANKED_LEAVE_XDATA (?BANKED_LEAVE_XDATA)
                                                   ?Subroutine0 (basic_rf)
                                                   C51_GPIO_ioDetective (basic_rf)
                                                   C51_RTC_SysPowerMode (basic_rf)
                                                   clockSelect32k (basic_rf)
                                                   clockSetMainSrc (basic_rf)
                                                   halLedClear (basic_rf)
                                                   halLedSet (basic_rf)
                                                   halLedToggle (basic_rf)
                                                   halMcuWaitUs (basic_rf)
           ?BDISPATCH_FF           000000FE        C51_GPIO_ioDetective::?relay (basic_rf)
                                                   C51_RTC_SysPowerMode::?relay (basic_rf)
                                                   RF_Initial::?relay (basic_rf)
                                                   RF_RecvPacket::?relay (basic_rf)
                                                   basicRfInit::?relay (basic_rf)
                                                   basicRfRxFrmDoneIsr::?relay (basic_rf)
                                                   clockSelect32k::?relay (basic_rf)
                                                   clockSetMainSrc::?relay (basic_rf)
                                                   halAssertHandler::?relay (basic_rf)
                                                   halLedClear::?relay (basic_rf)
                                                   halLedSet::?relay (basic_rf)
                                                   halLedToggle::?relay (basic_rf)
                                                   halMcuInit::?relay (basic_rf)
                                                   halMcuWaitMs::?relay (basic_rf)
                                                   halMcuWaitUs::?relay (basic_rf)
                                                   halRfDisableRxInterrupt::?relay (basic_rf)
                                                   halRfEnableRxInterrupt::?relay (basic_rf)
                                                   halRfInit::?relay (basic_rf)
                                                   halRfReadRxBuf::?relay (basic_rf)
                                                   halRfSetGain::?relay (basic_rf)
                                                   memcpy::?relay (?memcpy)

    -------------------------------------------------------------------------
  LIBRARY MODULE, NAME : ?XLOAD_R2345

  SEGMENTS IN THE MODULE
  ======================
RCODE
  Relative segment, address: CODE 000001A6 - 000001B1 (0xc bytes), align: 0
  Segment part 0.
           ENTRY                   ADDRESS         REF BY
           =====                   =======         ======
           ?XLOAD_R2345            000001A6        basicRfInit (basic_rf)

    -------------------------------------------------------------------------
  LIBRARY MODULE, NAME : ?XSTORE_R2345

  SEGMENTS IN THE MODULE
  ======================
RCODE
  Relative segment, address: CODE 000001B2 - 000001BD (0xc bytes), align: 0
  Segment part 0.
           ENTRY                   ADDRESS         REF BY
           =====                   =======         ======
           ?XSTORE_R2345           000001B2        basicRfInit (basic_rf)

    -------------------------------------------------------------------------
  LIBRARY MODULE, NAME : ?MOVE_LONG8_XDATA_IDATA

  SEGMENTS IN THE MODULE
  ======================
RCODE
  Relative segment, address: CODE 000001BE - 000001CA (0xd bytes), align: 0
  Segment part 0.
           ENTRY                   ADDRESS         REF BY
           =====                   =======         ======
           ?MOVE_LONG8_XDATA_IDATA
                                   000001BE        ?PUSH_XSTACK_I (?PUSH_XSTACK_I)

    -------------------------------------------------------------------------
  LIBRARY MODULE, NAME : ?S_SHL

  SEGMENTS IN THE MODULE
  ======================
RCODE
  Relative segment, address: CODE 000001CB - 000001CD (0x3 bytes), align: 0
  Segment part 0.
           ENTRY                   ADDRESS         REF BY
           =====                   =======         ======
           ?S_SHL                  000001CB        port0_ISR (basic_rf)
                                                   port1_ISR (basic_rf)
                                                   port2_ISR (basic_rf)
    -------------------------------------------------------------------------
RCODE
  Relative segment, address: CODE 000001CE - 000001D0 (0x3 bytes), align: 0
  Segment part 1.             Intra module refs:   Segment part 2
           ENTRY                   ADDRESS         REF BY
           =====                   =======         ======
           ?S_SHL_REW              000001CE 
    -------------------------------------------------------------------------
RCODE
  Relative segment, address: CODE 000001D1 - 000001DD (0xd bytes), align: 0
  Segment part 2.             Intra module refs:   ?S_SHL
                                                   ?S_SHL_REW

    -------------------------------------------------------------------------
  LIBRARY MODULE, NAME : ?DEALLOC_XSTACK8

  SEGMENTS IN THE MODULE
  ======================
RCODE
  Relative segment, address: CODE 000001DE - 000001F7 (0x1a bytes), align: 0
  Segment part 0.
           ENTRY                   ADDRESS         REF BY
           =====                   =======         ======
           ?DEALLOC_XSTACK8        000001DE        RF_RecvPacket (basic_rf)

    -------------------------------------------------------------------------
  LIBRARY MODULE, NAME : ?ADD_XSTACK_DISP8

  SEGMENTS IN THE MODULE
  ======================
RCODE
  Relative segment, address: CODE 000001F8 - 00000212 (0x1b bytes), align: 0
  Segment part 1.
           ENTRY                   ADDRESS         REF BY
           =====                   =======         ======
           ?ADD_XSTACK_DISP0_8     000001F8        ?PUSH_XSTACK_I (?PUSH_XSTACK_I)

    -------------------------------------------------------------------------
  LIBRARY MODULE, NAME : ?XSTACK_DISP8

  SEGMENTS IN THE MODULE
  ======================
RCODE
  Relative segment, address: CODE 00000213 - 0000021C (0xa bytes), align: 0
  Segment part 1.
           ENTRY                   ADDRESS         REF BY
           =====                   =======         ======
           ?XSTACK_DISP0_8         00000213        memcpy (?memcpy)

    -------------------------------------------------------------------------
  LIBRARY MODULE, NAME : ?CALL_IND

  SEGMENTS IN THE MODULE
  ======================
RCODE
  Relative segment, address: CODE 0000021D - 0000021E (0x2 bytes), align: 0
  Segment part 0.
           ENTRY                   ADDRESS         REF BY
           =====                   =======         ======
           ?CALL_IND               0000021D        port0_ISR (basic_rf)
                                                   port1_ISR (basic_rf)
                                                   port2_ISR (basic_rf)
                                                   rfIsr (basic_rf)

    -------------------------------------------------------------------------
  LIBRARY MODULE, NAME : ?BANKED_ENTER_XDATA

  SEGMENTS IN THE MODULE
  ======================
RCODE
  Relative segment, address: CODE 0000021F - 0000028A (0x6c bytes), align: 0
  Segment part 1.
           ENTRY                   ADDRESS         REF BY
           =====                   =======         ======
           ?BANKED_ENTER_XDATA     0000021F        RF_Initial (basic_rf)
                                                   RF_RecvPacket (basic_rf)
                                                   basicRfInit (basic_rf)
                                                   halMcuWaitMs (basic_rf)
                                                   memcpy (?memcpy)

    -------------------------------------------------------------------------
  LIBRARY MODULE, NAME : ?BANKED_LEAVE_XDATA

  SEGMENTS IN THE MODULE
  ======================
RCODE
  Relative segment, address: CODE 0000028B - 000002D0 (0x46 bytes), align: 0
  Segment part 1.
           ENTRY                   ADDRESS         REF BY
           =====                   =======         ======
           ?BANKED_LEAVE_XDATA     0000028B        ?Subroutine1 (basic_rf)
                                                   RF_RecvPacket (basic_rf)
                                                   halMcuWaitMs (basic_rf)
                                                   memcpy (?memcpy)

    -------------------------------------------------------------------------
  LIBRARY MODULE, NAME : ?INTERRUPT_ENTER_XSP

  SEGMENTS IN THE MODULE
  ======================
RCODE
  Relative segment, address: CODE 000002D1 - 0000032F (0x5f bytes), align: 0
  Segment part 1.
           ENTRY                   ADDRESS         REF BY
           =====                   =======         ======
           ?INTERRUPT_ENTER_XSP    000002D1        ST_ISR (basic_rf)
                                                   port0_ISR (basic_rf)
                                                   port1_ISR (basic_rf)
                                                   port2_ISR (basic_rf)
                                                   rfIsr (basic_rf)

    -------------------------------------------------------------------------
  LIBRARY MODULE, NAME : ?INTERRUPT_LEAVE_XSP

  SEGMENTS IN THE MODULE
  ======================
RCODE
  Relative segment, address: CODE 00000330 - 00000387 (0x58 bytes), align: 0
  Segment part 1.
           ENTRY                   ADDRESS         REF BY
           =====                   =======         ======
           ?INTERRUPT_LEAVE_XSP    00000330        ?Subroutine2 (basic_rf)
                                                   ?Subroutine3 (basic_rf)

    -------------------------------------------------------------------------
  LIBRARY MODULE, NAME : ?PUSH_XSTACK_I

  SEGMENTS IN THE MODULE
  ======================
RCODE
  Relative segment, address: CODE 00000388 - 0000038B (0x4 bytes), align: 0
  Segment part 2.
           ENTRY                   ADDRESS         REF BY
           =====                   =======         ======
           ?PUSH_XSTACK_I_TWO      00000388        RF_RecvPacket (basic_rf)
    -------------------------------------------------------------------------
RCODE
  Relative segment, address: CODE 0000038C - 00000398 (0xd bytes), align: 0
  Segment part 4.             Intra module refs:   ?PUSH_XSTACK_I_TWO
           ENTRY                   ADDRESS         REF BY
           =====                   =======         ======
           ?PUSH_XSTACK_I          0000038C 

    -------------------------------------------------------------------------
  LIBRARY MODULE, NAME : ?memcpy

  SEGMENTS IN THE MODULE
  ======================
<BANKED_CODE> 1 (was BANKED_CODE)
  Relative segment, address: CODE 00000A11 - 00000A56 (0x46 bytes), align: 0
  Segment part 6.             Intra module refs:   memcpy::?relay
           ENTRY                   ADDRESS         REF BY
           =====                   =======         ======
           memcpy                  00000A11 
               XSTACK = 00000002 ( 0000000A )
               ISTACK = 00000000 ( 00000001 )
    -------------------------------------------------------------------------
BANK_RELAYS
  Relative segment, address: CODE 000001A0 - 000001A5 (0x6 bytes), align: 0
  Segment part 7.
           ENTRY                   ADDRESS         REF BY
           =====                   =======         ======
           memcpy::?relay          000001A0        RF_RecvPacket (basic_rf)

    -------------------------------------------------------------------------
  LIBRARY MODULE, NAME : ?low_level_init

  SEGMENTS IN THE MODULE
  ======================
CSTART
  Relative segment, address: CODE 00000113 - 00000115 (0x3 bytes), align: 0
  Segment part 6. ROOT.
           ENTRY                   ADDRESS         REF BY
           =====                   =======         ======
           __low_level_init        00000113        __low_level_init_call (?cmain)




                ****************************************
                *                                      *
                *            MODULE SUMMARY            *
                *                                      *
                ****************************************

Module                    CODE      DATA      XDATA  IDATA    BIT
------                    ----      ----      -----  -----    ---
                         (Rel)  (Rel)  (Abs)  (Rel)  (Rel)  (Rel)
?ADD_XSTACK_DISP8           27
?BANKED_CODE_SUPPORT        30
?BANKED_ENTER_XDATA        108
?BANKED_LEAVE_XDATA         70
?CALL_IND                    2
?DEALLOC_XSTACK8            26
?INTERRUPT_ENTER_XSP        95
?INTERRUPT_LEAVE_XSP        88
?MOVE_LONG8_XDATA_IDATA     13
?PUSH_XSTACK_I              17
?S_SHL                      19
?XLOAD_R2345                12
?XSTACK_DISP8               10
?XSTORE_R2345               12
?cexit                       5
?cmain                      88
?low_level_init              3
?memcpy                     76
CSTARTUP                    18
  + common                   3
VIRTUAL_REGISTERS                   2                           8
basic_rf                 1 794            28    237
  + common                 134
N/A (command line)                 16           256     64
N/A (alignment)
----------               -----     --     --    ---     --      -
Total:                   2 513     18     28    493     64      8
  + common                 134


                ****************************************
                *                                      *
                *      SEGMENTS IN ADDRESS ORDER       *
                *                                      *
                ****************************************


SEGMENT              SPACE    START ADDRESS   END ADDRESS     SIZE  TYPE  ALIGN
=======              =====    =============   ===========     ====  ====  =====
INTVEC               CODE          00000000 - 00000085          86   com    0
CSTART               CODE          00000086 - 00000115          90   rel    0
DATA_ID              CODE               00000116                     dse    0
BDATA_ID             CODE               00000116                     dse    0
BIT_ID               CODE               00000116                     dse    0
IXDATA_ID            CODE               00000116                     dse    0
PDATA_ID             CODE               00000116                     dse    0
IDATA_ID             CODE               00000116                     dse    0
XDATA_ID             CODE          00000116 - 00000127          12   rel    0
BANK_RELAYS          CODE          00000128 - 000001A5          7E   rel    0
RCODE                CODE          000001A6 - 00000398         1F3   rel    0
CODE_N               CODE               00000399                     dse    0
CODE_C               CODE               00000399                     dse    0
DIFUNCT              CODE               00000399                     dse    0
NEAR_CODE            CODE          00000399 - 000004FE         166   rel    0
<BANKED_CODE> 1      CODE          000004FF - 00000A56         558   rel    0
REGISTERS            DATA          00000000 - 00000007           8   rel    0
VREG                 DATA          00000008 - 0000000F           8   rel    0
PSP                  DATA               00000010                     dse    0
XSP                  DATA          00000010 - 00000011           2   rel    0
BREG                 BIT        00000020.0  -  00000020.7        8   rel    0
SFR_AN               DATA          00000080 - 00000080           1   rel    0
                     DATA          00000087 - 00000087           1 
                     DATA          00000089 - 0000008B           3 
                     DATA          0000008F - 00000090           2 
                     DATA          00000095 - 00000097           3 
                     DATA          0000009A - 0000009B           2 
                     DATA          0000009D - 0000009E           2 
                     DATA          000000A0 - 000000A0           1 
                     DATA          000000A8 - 000000A8           1 
                     DATA          000000BE - 000000BE           1 
                     DATA          000000C0 - 000000C0           1 
                     DATA          000000C6 - 000000C6           1 
                     DATA          000000D9 - 000000D9           1 
                     DATA          000000E1 - 000000E1           1 
                     DATA          000000E8 - 000000E9           2 
                     DATA          000000F3 - 000000F3           1 
                     DATA          000000F7 - 000000F7           1 
                     DATA          000000FD - 000000FF           3 
XSTACK               XDATA         00000001 - 00000100         100   rel    0
XDATA_Z              XDATA         00000101 - 000001DB          DB   rel    0
XDATA_I              XDATA         000001DC - 000001ED          12   rel    0
PDATA_Z              XDATA              00001E00                     rel    0
ISTACK               IDATA         000000C0 - 000000FF          40   rel    0

                ****************************************
                *                                      *
                *        END OF CROSS REFERENCE        *
                *                                      *
                ****************************************

 2 647 bytes of CODE  memory
    18 bytes of DATA  memory (+ 28 absolute )
   493 bytes of XDATA memory
    64 bytes of IDATA memory
     8 bits  of BIT   memory

Errors: none
Warnings: none

